[2026-08-11 19:50:57] [00:09:31.400][RDX][RES] ram reason=periodic total=168KB used=34KB free=134KB min_free=69KB
[2026-08-11 19:50:57] [00:09:31.594][USB]usb_g_ep_config() 3 41cfc4 192
[2026-08-11 19:50:57] [00:09:31.597][USB]usb_g_ep_config() 83 41d240 192
[2026-08-11 19:50:57] [00:09:31.597]pipeline_uuid: dc8d
[2026-08-11 19:50:57] 
[2026-08-11 19:50:57] [00:09:31.598][CLOCK]---sys clk set : 192000000
[2026-08-11 19:50:57] [00:09:31.599][STREAM]create_stream: 41f204, 0
[2026-08-11 19:50:57] [00:09:31.599]cvp node context setup,node uuid:5ff6
[2026-08-11 19:50:57] 
[2026-08-11 19:50:57] [00:09:31.601] audio_adc_cfg_init len 8, sizeof(cfg) 8
[2026-08-11 19:50:57] [00:09:31.602]adc num:1, channel_mode:0x14, bit_width:16bit
[2026-08-11 19:50:57] [00:09:31.603]get cvp node uuid:5ff6
[2026-08-11 19:50:57] 
[2026-08-11 19:50:57] [00:09:31.603]source_uuid d06d adc_ch_num 1
[2026-08-11 19:50:57] [00:09:31.604]adc num:1, channel_mode:0x14, bit_width:16bit
[2026-08-11 19:50:57] [00:09:31.605][STREAM]jlstream_multi_thread create:jlstream_0
[2026-08-11 19:50:57] [00:09:31.605][STREAM]add_thread: 1, jlstream_0
[2026-08-11 19:50:57] [00:09:31.607]adc_ioc_set_fmt,Fs = 16000
[2026-08-11 19:50:57] [00:09:31.607][STREAM][STREAM]format negotiation: suss
[2026-08-11 19:50:57]   { source,             16000, 1 ch, 16bit }
[2026-08-11 19:50:57]   { play_sync,          48000, 1 ch, 16bit }
[2026-08-11 19:50:57]   { channel_expander,   48000, 2 ch, 16bit }
[2026-08-11 19:50:57]   { pc_mic,             48000, 2 ch, 16bit }
[2026-08-11 19:50:57] 
[2026-08-11 19:50:57] [00:09:31.610][CVP_USER]audio_cvp_v3_open
[2026-08-11 19:50:57] [00:09:31.611]Current free heap 234680 bytes, minimum ever free heap 131996 bytes, physics memory size 131072 bytes
[2026-08-11 19:50:57] [00:09:31.612]overlay: the same type, do NOT load again
[2026-08-11 19:50:57] [00:09:31.613]cvp_v3_node read,subid=0x2
[2026-08-11 19:50:57] [00:09:31.613]talk_mic=1, ff_mic=2, fb_mic=2
[2026-08-11 19:50:57] [00:09:31.614]ref_mic_en=0, ref_mic_ch=2
[2026-08-11 19:50:57] [00:09:31.614]algo type=1 pre_en=0 eq_en=1
[2026-08-11 19:50:57] [00:09:31.615][CVP_USER]CVP-V3 ALGO_TYPE = 1
[2026-08-11 19:50:57] [00:09:31.615][CVP_USER]CVP_V3 read cfg ok
[2026-08-11 19:50:57] 
[2026-08-11 19:50:57] [00:09:31.616]<error>:[SDFILE]resfile_open: open flash/res/CVP_V3_CFG.bin error, ret = -255
[2026-08-11 19:50:57] 
[2026-08-11 19:50:57] [00:09:31.617]<error> [CVP_USER]CVP_V3_CFG.bin open fail !!!
[2026-08-11 19:50:57] [00:09:31.618][CVP_USER]CVP_V3:AEC[0] NLP[1] NS[1] ENC[0] DRC[1] MFDT[0] WNC[0] EQ[1] DOA[0]
[2026-08-11 19:50:57] [00:09:31.619][CVP_USER]cvp_v3_open
[2026-08-11 19:50:57] [00:09:31.619][CVP-V3]cvp_init,mic_sr=16000,ref_sr=96000,ref_ch:1
[2026-08-11 19:50:57] [00:09:31.620][CVP-V3]cvp ref_size:6144
[2026-08-11 19:50:57] [00:09:31.621]JLSP_Single_Init   : private_buf = 29496, share_buf = 16284
[2026-08-11 19:50:57] [00:09:31.622]single ns total buf: private_heap_size = 34856, share_heap_size = 16284
[2026-08-11 19:50:57] [00:09:31.623][CVP-V3]runbuf_size:34856,tmpbuf_size:16284
[2026-08-11 19:50:57] [00:09:31.624]JLSP_Single_Init   : private_buf = 29496, share_buf = 16284
[2026-08-11 19:50:57] [00:09:31.625]================== pre_nn_compen = 100/100 =====
[2026-08-11 19:50:57] 
[2026-08-11 19:50:57] [00:09:31.626]<error> [CVP-V3][JLSP] eqCoeffs is NULL! algo_type= 1, is_wb=1
[2026-08-11 19:50:57] 
[2026-08-11 19:50:57] [00:09:31.627][CVP-V3]commproc_init ok
[2026-08-11 19:50:57] [00:09:31.627][CVP-V3]sw src,ch = 1, in = 96000,out = 16000
[2026-08-11 19:50:57] [00:09:31.628][CVP-V3]CVP init ok,state=1
[2026-08-11 19:50:57] [00:09:31.629]Current free heap 162476 bytes, minimum ever free heap 131996 bytes, physics memory size 58624 bytes
[2026-08-11 19:50:57] [00:09:31.630][CVP_USER]audio_cvp_v3_open succ
[2026-08-11 19:50:57] [00:09:31.631]aud_clock_alloc:EQ00(12000000)
[2026-08-11 19:50:57] 
[2026-08-11 19:50:57] [00:09:31.632]aud_clock_alloc:SRC_0_00(72000000)
[2026-08-11 19:50:57] 
[2026-08-11 19:50:57] [00:09:31.633]vol_dB :100, 0
[2026-08-11 19:50:57] [00:09:31.633]vol_2_gain: 100, 100, 16384
[2026-08-11 19:50:57] [00:09:31.634]audio_state:idle->music,max_vol:100
[2026-08-11 19:50:57] [00:09:31.634]dvol_max:16384
[2026-08-11 19:50:57] [00:09:31.635]set_vol[music]:music=100
[2026-08-11 19:50:57] [00:09:31.635]vol_dB :100, 0
[2026-08-11 19:50:57] [00:09:31.635]vol_2_gain: 100, 100, 16384
[2026-08-11 19:50:57] [00:09:31.636][fade]state:music,max_volume:100,cur:100,100
[2026-08-11 19:50:57] [00:09:31.637]set_vol[music]:=100
[2026-08-11 19:50:57] [00:09:31.637][SW_DVOL]Gain:100,AVOL:3,DVOL:16384
[2026-08-11 19:50:57] [00:09:31.638]convert_data_ioc_start bit_wide, 0 0 15
[2026-08-11 19:50:57] [00:09:31.639][AUDIO_COMM]>> audio_adc_analog_status_add_check ch:0 add:1 cur_status:0
[2026-08-11 19:50:57] [00:09:31.640][AUDIO_COMM]>> audio_common_power_open cur_status:1
[2026-08-11 19:50:57] [00:09:31.640]adc_dma_buf_size:1024,ch_num:1,bit_width:16
[2026-08-11 19:50:57] [00:09:31.641][AUDIO_COMM]>> audio_adc_digital_status_add_check add:1 cur_status:0
[2026-08-11 19:50:57] [00:09:31.642][AUDIO_COMM]>> audio_adc_digital_common_status_add_check add:1 cur_status:0
[2026-08-11 19:50:57] [00:09:31.644][STREAM]send_callback: app_core, event 8, err 0
[2026-08-11 19:50:57] [00:09:31.645][CVP-V3]=CVP_Task Run=
[2026-08-11 19:50:57] M
[2026-08-11 19:50:57] [00:09:31.646]APP_MSG_PC_AUDIO_PLAY_OPENM
[2026-08-11 19:50:57] [00:09:31.646][CLOCK]---sys clk set : 192000000
[2026-08-11 19:50:57] [00:09:31.647]pipeline_uuid: d96f
[2026-08-11 19:50:57] M
[2026-08-11 19:50:57] [00:09:31.647][CLOCK]---sys clk set : 192000000
[2026-08-11 19:50:57] [00:09:31.648][STREAM]create_stream: 435424, 1
[2026-08-11 19:50:57] MM
[2026-08-11 19:50:57] [00:09:31.649]set_vol[music]:music=100
[2026-08-11 19:50:57] [00:09:31.650][fade]state:music,max_volume:100,cur:100,100M
[2026-08-11 19:50:57] [00:09:31.650]set_vol[music]:=100
[2026-08-11 19:50:57] [00:09:31.651][SW_DVOL]Gain:100,AVOL:3,DVOL:16384
[2026-08-11 19:50:57] M
[2026-08-11 19:50:57] [00:09:31.652][STREAM]jlstream_multi_thread create:jlstream_1
[2026-08-11 19:50:57] M
[2026-08-11 19:50:57] [00:09:31.653][STREAM]add_thread: 1, jlstream_1
[2026-08-11 19:50:57] M
[2026-08-11 19:50:57] [00:09:31.654][STREAM][STREAM]format negotiation: suss
[2026-08-11 19:50:57]   { source,             48000, 2 ch, 32bit }
[2026-08-11 19:50:57]   { play_sync,          96000, 2 ch, 32bit }
[2026-08-11 19:50:57]   { dac,                96000, 2 ch, 32bit }
[2026-08-11 19:50:57] 
[2026-08-11 19:50:57] MMM
[2026-08-11 19:50:57] [00:09:31.656]aud_clock_alloc:SRC_0_01(48000000)
[2026-08-11 19:50:57] M
[2026-08-11 19:50:57] [00:09:31.658]vol_dB :100, 0
[2026-08-11 19:50:57] [00:09:31.658]vol_2_gain: 100, 100, 16384
[2026-08-11 19:50:57] M
[2026-08-11 19:50:57] [00:09:31.658]audio_state:music->music,max_vol:100
[2026-08-11 19:50:57] [00:09:31.659]dvol_max:16384
[2026-08-11 19:50:57] M
[2026-08-11 19:50:57] [00:09:31.659]set_vol[music]:music=100
[2026-08-11 19:50:57] [00:09:31.660]vol_dB :100, 0
[2026-08-11 19:50:57] M
[2026-08-11 19:50:57] [00:09:31.660]vol_2_gain: 100, 100, 16384
[2026-08-11 19:50:57] [00:09:31.661][fade]state:music,max_volume:100,cur:100,100M
[2026-08-11 19:50:57] [00:09:31.662]set_vol[music]:=100
[2026-08-11 19:50:57] [00:09:31.662][SW_DVOL]Gain:100,AVOL:3,DVOL:16384
[2026-08-11 19:50:57] M
[2026-08-11 19:50:57] [00:09:31.663]aud_clock_alloc:EQ01(12000000)
[2026-08-11 19:50:57] M
[2026-08-11 19:50:57] [00:09:31.664]convert_data_ioc_start bit_wide, 1 1 23
[2026-08-11 19:50:57] MMMMMMMMMMMMU
[2026-08-11 19:50:57] [00:09:31.676][fade]state:music,max_volume:100,cur:100,100M
[2026-08-11 19:50:57] [00:09:31.676]set_vol[music]:=100
[2026-08-11 19:50:57] [00:09:31.677][SW_DVOL]Gain:100,AVOL:3,DVOL:16384
[2026-08-11 19:50:57] M
[2026-08-11 19:50:57] [00:09:31.678][DAC]>>>>>>>>>>>>add dac syncts 435b04
[2026-08-11 19:50:57] M
[2026-08-11 19:50:57] [00:09:31.679][STREAM]send_callback: app_core, event 8, err 0
[2026-08-11 19:50:57] MM
[2026-08-11 19:50:57] [00:09:31.680][CLOCK]---sys clk set : 192000000M
[2026-08-11 19:50:57] [00:09:31.681][CLOCK]---sys clk set : 192000000M
[2026-08-11 19:50:57] [00:09:31.683][STREAM]get_node: volume, 35
[2026-08-11 19:50:57] M
[2026-08-11 19:50:57] [00:09:31.683][DAC_NODE]dac_node:<1114073792 1113998208 2362>
[2026-08-11 19:50:57] M
[2026-08-11 19:50:57] [00:09:31.685]vol_dB :92, -3
[2026-08-11 19:50:57] [00:09:31.685]vol_2_gain: 92, 100, 10780
[2026-08-11 19:50:57] MM
[2026-08-11 19:50:57] [00:09:31.686][STREAM]get_node: volume, 6
[2026-08-11 19:50:57] [00:09:31.687]vol_dB :100, 0
[2026-08-11 19:50:57] M
[2026-08-11 19:50:57] [00:09:31.687]vol_2_gain: 100, 100, 16384
[2026-08-11 19:50:57] [00:09:31.688][CLOCK]---sys clk set : 192000000M
[2026-08-11 19:50:57] [00:09:31.688][CLOCK]---sys clk set : 192000000
[2026-08-11 19:50:57] [00:09:31.689]pc spk player callback : 8
[2026-08-11 19:50:58] MMMMMMMMMMMMMMMMMMMMMMMMMMMMMMMMMMMMMMMMMMMMMMMMMMMMMMMMMMMMMMMMMMMMMMMMMMMMMMMMMMMMMMMMMMMMMMMMMMMMMMMMMMMMMMMMMMMMMMMMMMMMMMMMMM
[2026-08-11 19:50:58] [00:09:31.819]<warning> [MEDIA]Cfifo readlock samples is too much, 1920, 1920
[2026-08-11 19:50:57] 
[2026-08-11 19:50:58] MMMMMMMMMMM
[2026-08-11 19:50:58] [00:09:31.831][STREAM]dst_delay: 150, 399
[2026-08-11 19:51:01] [00:09:35.689][STREAM]thread: jlstream_0 cpu_usage: 7
[2026-08-11 19:51:01] [00:09:35.690][STREAM]thread: jlstream_1 cpu_usage: 31
[2026-08-11 19:51:01] [00:09:35.690]cpu: 66 0  clk:192000000
[2026-08-11 19:50:57] 
[2026-08-11 19:51:02] [00:09:36.638][APP_AUDIO]VOL_SAVE 100
[2026-08-11 19:51:05] [00:09:39.689][STREAM]thread: jlstream_0 cpu_usage: 7
[2026-08-11 19:51:05] [00:09:39.689][STREAM]thread: jlstream_1 cpu_usage: 31
[2026-08-11 19:51:05] [00:09:39.690]cpu: 68 0  clk:192000000
[2026-08-11 19:50:57] 
[2026-08-11 19:51:07] [00:09:41.400][RDX][RES] ram reason=periodic total=168KB used=155KB free=12KB min_free=12KB
[2026-08-11 19:51:09] [00:09:43.689][STREAM]thread: jlstream_0 cpu_usage: 7
[2026-08-11 19:51:09] [00:09:43.689][STREAM]thread: jlstream_1 cpu_usage: 31
[2026-08-11 19:51:09] [00:09:43.690]cpu: 68 0  clk:192000000
[2026-08-11 19:50:57] 
[2026-08-11 19:51:13] [00:09:47.689][STREAM]thread: jlstream_0 cpu_usage: 7
[2026-08-11 19:51:13] [00:09:47.689][STREAM]thread: jlstream_1 cpu_usage: 31
[2026-08-11 19:51:13] [00:09:47.690]cpu: 68 0  clk:192000000
[2026-08-11 19:50:57] 
[2026-08-11 19:51:17] [00:09:51.401][RDX][RES] ram reason=periodic total=168KB used=150KB free=18KB min_free=12KB
[2026-08-11 19:51:17] [00:09:51.689][STREAM]thread: jlstream_0 cpu_usage: 7
[2026-08-11 19:51:17] [00:09:51.690][STREAM]thread: jlstream_1 cpu_usage: 31
[2026-08-11 19:51:17] [00:09:51.690]cpu: 68 0  clk:192000000
[2026-08-11 19:50:57] 
[2026-08-11 19:51:21] [00:09:55.689][STREAM]thread: jlstream_0 cpu_usage: 7
[2026-08-11 19:51:21] [00:09:55.689][STREAM]thread: jlstream_1 cpu_usage: 31
[2026-08-11 19:51:21] [00:09:55.690]cpu: 68 0  clk:192000000
[2026-08-11 19:50:57] 
[2026-08-11 19:51:22] [00:09:56.388][STREAM]del_thread: jlstream_0
[2026-08-11 19:51:22] [00:09:56.390][CVP_USER]audio_cvp_v3_close:420b8c
[2026-08-11 19:51:22] [00:09:56.390][CVP-V3]cvp_exit,state = 3
[2026-08-11 19:51:22] [00:09:56.391][pcspk]>>>>>>> PCSPK LOST CONNECT <<<<<<<
[2026-08-11 19:51:22] [00:09:56.391]aud_clock_free:EQ00
[2026-08-11 19:51:22] U
[2026-08-11 19:51:22] [00:09:56.392]aud_clock_free:SRC_0_00
[2026-08-11 19:50:57] 
[2026-08-11 19:51:22] [00:09:56.393][AUDIO_COMM]>> audio_adc_digital_status_add_check add:-1 cur_status:1
[2026-08-11 19:51:22] [00:09:56.394][AUDIO_COMM]>> audio_adc_digital_common_status_add_check add:-1 cur_status:1
[2026-08-11 19:51:22] [00:09:56.395][AUDIO_COMM]>> audio_adc_analog_status_add_check ch:0 add:-1 cur_status:1
[2026-08-11 19:51:22] [00:09:56.396][AUDIO_COMM]>> audio_adc_analog_status_add_check ch:0 add:0 cur_status:0
[2026-08-11 19:51:22] [00:09:56.397][AUDIO_COMM]>> audio_adc_analog_status_add_check ch:1 add:0 cur_status:0
[2026-08-11 19:51:22] [00:09:56.398][AUDIO_COMM]RESTS : 0xfe187b8
[2026-08-11 19:51:22] [00:09:56.398][AUDIO_COMM]>> audio_common_power_close cur_status:2
[2026-08-11 19:51:22] [00:09:56.399][AUDIO_COMM]>> audio_adc_analog_status_add_check ch:0 add:0 cur_status:0
[2026-08-11 19:51:22] [00:09:56.400][STREAM]jlstream_stop_exit: 41f204, 0
[2026-08-11 19:51:22] [00:09:56.401]cvp node context setup,node uuid:0
[2026-08-11 19:50:58] 
[2026-08-11 19:51:22] [00:09:56.402]cvp_node_uuid clear
[2026-08-11 19:51:22] [00:09:56.402][STREAM]free_stream: 41f204, scene: b, remain: 1
[2026-08-11 19:51:22] [00:09:56.403][STREAM]release: jlstream b
[2026-08-11 19:51:22] [00:09:56.404][CLOCK]---sys clk set : 192000000
[2026-08-11 19:51:22] [00:09:56.404][CLOCK]---sys clk set : 192000000
[2026-08-11 19:51:22] [00:09:56.405][STREAM]start_fade_out: 4, 100
[2026-08-11 19:51:22] [00:09:56.405][STREAM]note->sleep 0, 101
[2026-08-11 19:51:22] [00:09:56.406][STREAM]stop_fade_out: 4
[2026-08-11 19:51:22] [00:09:56.406][STREAM]del_thread: jlstream_1
[2026-08-11 19:51:22] [00:09:56.410][DAC]>>>>>>>>>>>>del dac syncts 435b04
[2026-08-11 19:51:22] [00:09:56.410]aud_clock_free:SRC_0_01
[2026-08-11 19:51:09] 
[2026-08-11 19:51:22] [00:09:56.411]aud_clock_free:EQ01
[2026-08-11 19:50:57] 
[2026-08-11 19:51:22] [00:09:56.412][STREAM]jlstream_stop_exit: 435424, 0
[2026-08-11 19:51:22] [00:09:56.412][DECODER_NODE]decoder_release: 435534
[2026-08-11 19:51:22] [00:09:56.413][STREAM]free_stream: 435424, scene: a, remain: 0
[2026-08-11 19:51:22] [00:09:56.414][STREAM]release: jlstream a
[2026-08-11 19:51:22] [00:09:56.414][CLOCK]---sys clk set : 192000000
[2026-08-11 19:51:22] [00:09:56.415]APP_MSG_PC_AUDIO_PLAY_CLOSE
[2026-08-11 19:51:22] [00:09:56.415][CLOCK]---sys clk set : 192000000
[2026-08-11 19:51:22] [00:09:56.416][CLOCK]---sys clk set : 192000000
[2026-08-11 19:51:22] [00:09:56.473][USB]usb_g_ep_config() 3 41cfc4 288
[2026-08-11 19:51:22] [00:09:56.476]APP_MSG_PC_AUDIO_PLAY_OPEN
[2026-08-11 19:51:22] [00:09:56.477][CLOCK]---sys clk set : 192000000
[2026-08-11 19:51:22] [00:09:56.478]pipeline_uuid: d96f
[2026-08-11 19:50:57] 
[2026-08-11 19:51:22] [00:09:56.478][CLOCK]---sys clk set : 192000000
[2026-08-11 19:51:22] [00:09:56.479][STREAM]create_stream: 41f1fc, 0
[2026-08-11 19:51:22] [00:09:56.480]set_vol[idle]:music=100
[2026-08-11 19:51:22] [00:09:56.481][STREAM]jlstream_multi_thread create:jlstream_0
[2026-08-11 19:51:22] [00:09:56.481][STREAM]add_thread: 1, jlstream_0
[2026-08-11 19:51:22] [00:09:56.482][STREAM][STREAM]format negotiation: suss
[2026-08-11 19:51:22]   { source,             48000, 2 ch, 32bit }
[2026-08-11 19:51:22]   { play_sync,          96000, 2 ch, 32bit }
[2026-08-11 19:51:22]   { dac,                96000, 2 ch, 32bit }
[2026-08-11 19:51:22] 
[2026-08-11 19:51:22] [00:09:56.485]aud_clock_alloc:SRC_0_00(48000000)
[2026-08-11 19:51:22] 
[2026-08-11 19:51:22] [00:09:56.486]vol_dB :100, 0
[2026-08-11 19:51:22] [00:09:56.486]vol_2_gain: 100, 100, 16384
[2026-08-11 19:51:22] [00:09:56.487]audio_state:idle->music,max_vol:100
[2026-08-11 19:51:22] [00:09:56.487]dvol_max:16384
[2026-08-11 19:51:22] [00:09:56.488]set_vol[music]:music=100
[2026-08-11 19:51:22] [00:09:56.488]vol_dB :100, 0
[2026-08-11 19:51:22] [00:09:56.489]vol_2_gain: 100, 100, 16384
[2026-08-11 19:51:22] [00:09:56.489][fade]state:music,max_volume:100,cur:100,100
[2026-08-11 19:51:22] [00:09:56.490]set_vol[music]:=100
[2026-08-11 19:51:22] [00:09:56.490][SW_DVOL]Gain:100,AVOL:3,DVOL:16384
[2026-08-11 19:51:22] [00:09:56.491]aud_clock_alloc:EQ00(12000000)
[2026-08-11 19:51:22] 
[2026-08-11 19:51:22] [00:09:56.492]convert_data_ioc_start bit_wide, 1 1 23
[2026-08-11 19:51:22] U
[2026-08-11 19:51:22] [00:09:56.503][fade]state:music,max_volume:100,cur:100,100
[2026-08-11 19:51:22] [00:09:56.504]set_vol[music]:=100
[2026-08-11 19:51:22] [00:09:56.505][SW_DVOL]Gain:100,AVOL:3,DVOL:16384
[2026-08-11 19:51:22] [00:09:56.505][DAC]>>>>>>>>>>>>add dac syncts 41f880
[2026-08-11 19:51:22] [00:09:56.506][STREAM]send_callback: app_core, event 8, err 0
[2026-08-11 19:51:22] [00:09:56.508][STREAM]get_node: volume, 6
[2026-08-11 19:51:22] [00:09:56.509]vol_dB :100, 0
[2026-08-11 19:51:22] [00:09:56.509][DAC_NODE]dac_node:<1908416992 1908431712 -460>
[2026-08-11 19:51:22] [00:09:56.510]vol_2_gain: 100, 100, 16384
[2026-08-11 19:51:22] [00:09:56.511][CLOCK]---sys clk set : 192000000
[2026-08-11 19:51:22] [00:09:56.512][CLOCK]---sys clk set : 192000000
[2026-08-11 19:51:22] [00:09:56.512]pc spk player callback : 8
[2026-08-11 19:51:22] uuuu
[2026-08-11 19:51:25] [00:09:59.345][STREAM]start_fade_out: 4, 100
[2026-08-11 19:51:25] [00:09:59.346][STREAM]note->sleep 77, 101
[2026-08-11 19:51:25] [00:09:59.350][pcspk]>>>>>>> PCSPK LOST CONNECT <<<<<<<U
[2026-08-11 19:51:25] [00:09:59.365][STREAM]note->sleep 0, 101
[2026-08-11 19:51:25] [00:09:59.365][STREAM]stop_fade_out: 4
[2026-08-11 19:51:25] [00:09:59.366][STREAM]del_thread: jlstream_0
[2026-08-11 19:51:25] [00:09:59.370][DAC]>>>>>>>>>>>>del dac syncts 41f880
[2026-08-11 19:51:25] [00:09:59.370]aud_clock_free:SRC_0_00
[2026-08-11 19:51:22] 
[2026-08-11 19:51:25] [00:09:59.371]aud_clock_free:EQ00
[2026-08-11 19:51:22] 
[2026-08-11 19:51:25] [00:09:59.372][STREAM]jlstream_stop_exit: 41f1fc, 0
[2026-08-11 19:51:25] [00:09:59.372][DECODER_NODE]decoder_release: 41f30c
[2026-08-11 19:51:25] [00:09:59.373][STREAM]free_stream: 41f1fc, scene: a, remain: 0
[2026-08-11 19:51:25] [00:09:59.374][STREAM]release: jlstream a
[2026-08-11 19:51:25] [00:09:59.374][CLOCK]---sys clk set : 192000000
[2026-08-11 19:51:25] [00:09:59.375]APP_MSG_PC_AUDIO_PLAY_CLOSE
[2026-08-11 19:51:25] [00:09:59.375][CLOCK]---sys clk set : 192000000
[2026-08-11 19:51:25] [00:09:59.376][CLOCK]---sys clk set : 192000000
